interactions:
- request:
    body: null
    headers:
      Accept:
      - '*/*'
      Accept-Encoding:
      - gzip, deflate
      Connection:
      - keep-alive
      X-Amzn-Trace-Id:
      - 505ab73d-44e5-45b5-8479-569f3acc4f6b
      user-agent:
      - unknown/None; hf_hub/0.26.1; python/3.12.5
    method: GET
    uri: https://huggingface.co/api/models/qdrant/bge-small-en-v1.5-onnx-q/revision/main
  response:
    body:
      string: Temporary Redirect. Redirecting to /api/models/Qdrant/bge-small-en-v1.5-onnx-Q/revision/main
    headers:
      Access-Control-Allow-Origin:
      - https://huggingface.co
      Access-Control-Expose-Headers:
      - X-Repo-Commit,X-Request-Id,X-Error-Code,X-Error-Message,X-Total-Count,ETag,Link,Accept-Ranges,Content-Range
      Connection:
      - keep-alive
      Content-Length:
      - '92'
      Content-Type:
      - text/plain; charset=utf-8
      Date:
      - Tue, 19 Nov 2024 18:09:03 GMT
      Location:
      - /api/models/Qdrant/bge-small-en-v1.5-onnx-Q/revision/main
      Referrer-Policy:
      - strict-origin-when-cross-origin
      Vary:
      - Origin, Accept
      Via:
      - 1.1 94f8839a97f73584e70cc07d9f704d62.cloudfront.net (CloudFront)
      X-Amz-Cf-Id:
      - ZUfHHxCzUX-BgpP7Nnyvj8CFIWRtYCgMiRdd2oo1XXeUgB1o2_mYkA==
      X-Amz-Cf-Pop:
      - SFO5-P2
      X-Cache:
      - Miss from cloudfront
      X-Powered-By:
      - huggingface-moon
      X-Request-Id:
      - Root=1-673cd43f-18fde9f917aa7f0a775146d4;505ab73d-44e5-45b5-8479-569f3acc4f6b
      cross-origin-opener-policy:
      - same-origin
    status:
      code: 307
      message: Temporary Redirect
- request:
    body: null
    headers:
      Accept:
      - '*/*'
      Accept-Encoding:
      - gzip, deflate
      Connection:
      - keep-alive
      X-Amzn-Trace-Id:
      - 505ab73d-44e5-45b5-8479-569f3acc4f6b
      user-agent:
      - unknown/None; hf_hub/0.26.1; python/3.12.5
    method: GET
    uri: https://huggingface.co/api/models/Qdrant/bge-small-en-v1.5-onnx-Q/revision/main
  response:
    body:
      string: '{"_id":"65a4ce6d9f0a34c17376fa20","id":"Qdrant/bge-small-en-v1.5-onnx-Q","modelId":"Qdrant/bge-small-en-v1.5-onnx-Q","author":"Qdrant","sha":"52398278842ec682c6f32300af41344b1c0b0bb2","lastModified":"2024-07-15T12:50:23.000Z","private":false,"disabled":false,"gated":false,"pipeline_tag":"sentence-similarity","tags":["transformers","onnx","bert","feature-extraction","sentence-similarity","license:apache-2.0","text-embeddings-inference","endpoints_compatible","region:us"],"downloads":140576,"library_name":"transformers","mask_token":"[MASK]","widgetData":[{"source_sentence":"That
        is a happy person","sentences":["That is a happy dog","That is a very happy
        person","Today is a sunny day"]}],"likes":0,"model-index":null,"config":{"architectures":["BertModel"],"model_type":"bert","tokenizer_config":{"cls_token":"[CLS]","mask_token":"[MASK]","pad_token":"[PAD]","sep_token":"[SEP]","unk_token":"[UNK]"}},"cardData":{"license":"apache-2.0","pipeline_tag":"sentence-similarity"},"transformersInfo":{"auto_model":"AutoModel","pipeline_tag":"feature-extraction","processor":"AutoTokenizer"},"siblings":[{"rfilename":".gitattributes"},{"rfilename":"README.md"},{"rfilename":"config.json"},{"rfilename":"model_optimized.onnx"},{"rfilename":"ort_config.json"},{"rfilename":"special_tokens_map.json"},{"rfilename":"tokenizer.json"},{"rfilename":"tokenizer_config.json"},{"rfilename":"vocab.txt"}],"spaces":[],"createdAt":"2024-01-15T06:19:25.000Z"}'
    headers:
      Access-Control-Allow-Origin:
      - https://huggingface.co
      Access-Control-Expose-Headers:
      - X-Repo-Commit,X-Request-Id,X-Error-Code,X-Error-Message,X-Total-Count,ETag,Link,Accept-Ranges,Content-Range
      Connection:
      - keep-alive
      Content-Length:
      - '1444'
      Content-Type:
      - application/json; charset=utf-8
      Date:
      - Tue, 19 Nov 2024 18:09:03 GMT
      ETag:
      - W/"5a4-bIIb6odbE0/AlB0z5u50f7bg2gI"
      Referrer-Policy:
      - strict-origin-when-cross-origin
      Vary:
      - Origin
      Via:
      - 1.1 0c04e836dfe22246a870a0f54a2d4746.cloudfront.net (CloudFront)
      X-Amz-Cf-Id:
      - -7X4pekYljGZWvOI37MbHR8Nc73NVh06Y9C-WUyWltT3hFghd9ECDA==
      X-Amz-Cf-Pop:
      - SFO5-P2
      X-Cache:
      - Miss from cloudfront
      X-Powered-By:
      - huggingface-moon
      X-Request-Id:
      - Root=1-673cd43f-79c0a6004cdece8705a32a31;505ab73d-44e5-45b5-8479-569f3acc4f6b
      cross-origin-opener-policy:
      - same-origin
    status:
      code: 200
      message: OK
- request:
    body: null
    headers:
      Accept:
      - '*/*'
      Accept-Encoding:
      - gzip, deflate
      Connection:
      - keep-alive
      X-Amzn-Trace-Id:
      - 6c81fe76-8caf-4653-a7e9-2f21d763af47
      user-agent:
      - unknown/None; hf_hub/0.26.1; python/3.12.5
    method: GET
    uri: https://huggingface.co/api/models/qdrant/bge-small-en-v1.5-onnx-q/revision/main
  response:
    body:
      string: Temporary Redirect. Redirecting to /api/models/Qdrant/bge-small-en-v1.5-onnx-Q/revision/main
    headers:
      Access-Control-Allow-Origin:
      - https://huggingface.co
      Access-Control-Expose-Headers:
      - X-Repo-Commit,X-Request-Id,X-Error-Code,X-Error-Message,X-Total-Count,ETag,Link,Accept-Ranges,Content-Range
      Connection:
      - keep-alive
      Content-Length:
      - '92'
      Content-Type:
      - text/plain; charset=utf-8
      Date:
      - Tue, 19 Nov 2024 18:09:03 GMT
      Location:
      - /api/models/Qdrant/bge-small-en-v1.5-onnx-Q/revision/main
      Referrer-Policy:
      - strict-origin-when-cross-origin
      Vary:
      - Origin, Accept
      Via:
      - 1.1 58f9a50682bb94842197f3e957919c60.cloudfront.net (CloudFront)
      X-Amz-Cf-Id:
      - 7pBAmzcRM3afl7troLIKfxq2fSZGeeSYLl2_-ga-R5WwUQrTKaGMjA==
      X-Amz-Cf-Pop:
      - SFO5-P2
      X-Cache:
      - Miss from cloudfront
      X-Powered-By:
      - huggingface-moon
      X-Request-Id:
      - Root=1-673cd43f-2e7030392c9f188a0af38d51;6c81fe76-8caf-4653-a7e9-2f21d763af47
      cross-origin-opener-policy:
      - same-origin
    status:
      code: 307
      message: Temporary Redirect
- request:
    body: null
    headers:
      Accept:
      - '*/*'
      Accept-Encoding:
      - gzip, deflate
      Connection:
      - keep-alive
      X-Amzn-Trace-Id:
      - 6c81fe76-8caf-4653-a7e9-2f21d763af47
      user-agent:
      - unknown/None; hf_hub/0.26.1; python/3.12.5
    method: GET
    uri: https://huggingface.co/api/models/Qdrant/bge-small-en-v1.5-onnx-Q/revision/main
  response:
    body:
      string: '{"_id":"65a4ce6d9f0a34c17376fa20","id":"Qdrant/bge-small-en-v1.5-onnx-Q","modelId":"Qdrant/bge-small-en-v1.5-onnx-Q","author":"Qdrant","sha":"52398278842ec682c6f32300af41344b1c0b0bb2","lastModified":"2024-07-15T12:50:23.000Z","private":false,"disabled":false,"gated":false,"pipeline_tag":"sentence-similarity","tags":["transformers","onnx","bert","feature-extraction","sentence-similarity","license:apache-2.0","text-embeddings-inference","endpoints_compatible","region:us"],"downloads":140576,"library_name":"transformers","mask_token":"[MASK]","widgetData":[{"source_sentence":"That
        is a happy person","sentences":["That is a happy dog","That is a very happy
        person","Today is a sunny day"]}],"likes":0,"model-index":null,"config":{"architectures":["BertModel"],"model_type":"bert","tokenizer_config":{"cls_token":"[CLS]","mask_token":"[MASK]","pad_token":"[PAD]","sep_token":"[SEP]","unk_token":"[UNK]"}},"cardData":{"license":"apache-2.0","pipeline_tag":"sentence-similarity"},"transformersInfo":{"auto_model":"AutoModel","pipeline_tag":"feature-extraction","processor":"AutoTokenizer"},"siblings":[{"rfilename":".gitattributes"},{"rfilename":"README.md"},{"rfilename":"config.json"},{"rfilename":"model_optimized.onnx"},{"rfilename":"ort_config.json"},{"rfilename":"special_tokens_map.json"},{"rfilename":"tokenizer.json"},{"rfilename":"tokenizer_config.json"},{"rfilename":"vocab.txt"}],"spaces":[],"createdAt":"2024-01-15T06:19:25.000Z"}'
    headers:
      Access-Control-Allow-Origin:
      - https://huggingface.co
      Access-Control-Expose-Headers:
      - X-Repo-Commit,X-Request-Id,X-Error-Code,X-Error-Message,X-Total-Count,ETag,Link,Accept-Ranges,Content-Range
      Connection:
      - keep-alive
      Content-Length:
      - '1444'
      Content-Type:
      - application/json; charset=utf-8
      Date:
      - Tue, 19 Nov 2024 18:09:03 GMT
      ETag:
      - W/"5a4-bIIb6odbE0/AlB0z5u50f7bg2gI"
      Referrer-Policy:
      - strict-origin-when-cross-origin
      Vary:
      - Origin
      Via:
      - 1.1 04e6cfc6f03b8f5e6f5459aacc86b372.cloudfront.net (CloudFront)
      X-Amz-Cf-Id:
      - _Oqn0VPCqP4s7eoD6VWWiKB9UYhwx-kkE4-VeFAKdjRB4-4-3TJCFA==
      X-Amz-Cf-Pop:
      - SFO5-P2
      X-Cache:
      - Miss from cloudfront
      X-Powered-By:
      - huggingface-moon
      X-Request-Id:
      - Root=1-673cd43f-11a842d21a261eeb253b9bb7;6c81fe76-8caf-4653-a7e9-2f21d763af47
      cross-origin-opener-policy:
      - same-origin
    status:
      code: 200
      message: OK
- request:
    body: null
    headers:
      Accept:
      - '*/*'
      Accept-Encoding:
      - gzip, deflate
      Connection:
      - keep-alive
      X-Amzn-Trace-Id:
      - 397bd9ea-ccf2-4890-a7b8-24fa7a8dd7d0
      user-agent:
      - unknown/None; hf_hub/0.26.1; python/3.12.5
    method: GET
    uri: https://huggingface.co/api/models/qdrant/bge-small-en-v1.5-onnx-q/revision/main
  response:
    body:
      string: Temporary Redirect. Redirecting to /api/models/Qdrant/bge-small-en-v1.5-onnx-Q/revision/main
    headers:
      Access-Control-Allow-Origin:
      - https://huggingface.co
      Access-Control-Expose-Headers:
      - X-Repo-Commit,X-Request-Id,X-Error-Code,X-Error-Message,X-Total-Count,ETag,Link,Accept-Ranges,Content-Range
      Connection:
      - keep-alive
      Content-Length:
      - '92'
      Content-Type:
      - text/plain; charset=utf-8
      Date:
      - Tue, 19 Nov 2024 18:09:04 GMT
      Location:
      - /api/models/Qdrant/bge-small-en-v1.5-onnx-Q/revision/main
      Referrer-Policy:
      - strict-origin-when-cross-origin
      Vary:
      - Origin, Accept
      Via:
      - 1.1 22d43bf299ac98b08849f5a01a8af246.cloudfront.net (CloudFront)
      X-Amz-Cf-Id:
      - HvWku_i1787iJ8Y10lzllBYFTTLn1lh-p3X-UIO75OmqHTUkXzZe2g==
      X-Amz-Cf-Pop:
      - SFO5-P2
      X-Cache:
      - Miss from cloudfront
      X-Powered-By:
      - huggingface-moon
      X-Request-Id:
      - Root=1-673cd440-36b2583022479db850f1259e;397bd9ea-ccf2-4890-a7b8-24fa7a8dd7d0
      cross-origin-opener-policy:
      - same-origin
    status:
      code: 307
      message: Temporary Redirect
- request:
    body: null
    headers:
      Accept:
      - '*/*'
      Accept-Encoding:
      - gzip, deflate
      Connection:
      - keep-alive
      X-Amzn-Trace-Id:
      - 397bd9ea-ccf2-4890-a7b8-24fa7a8dd7d0
      user-agent:
      - unknown/None; hf_hub/0.26.1; python/3.12.5
    method: GET
    uri: https://huggingface.co/api/models/Qdrant/bge-small-en-v1.5-onnx-Q/revision/main
  response:
    body:
      string: '{"_id":"65a4ce6d9f0a34c17376fa20","id":"Qdrant/bge-small-en-v1.5-onnx-Q","modelId":"Qdrant/bge-small-en-v1.5-onnx-Q","author":"Qdrant","sha":"52398278842ec682c6f32300af41344b1c0b0bb2","lastModified":"2024-07-15T12:50:23.000Z","private":false,"disabled":false,"gated":false,"pipeline_tag":"sentence-similarity","tags":["transformers","onnx","bert","feature-extraction","sentence-similarity","license:apache-2.0","text-embeddings-inference","endpoints_compatible","region:us"],"downloads":140576,"library_name":"transformers","mask_token":"[MASK]","widgetData":[{"source_sentence":"That
        is a happy person","sentences":["That is a happy dog","That is a very happy
        person","Today is a sunny day"]}],"likes":0,"model-index":null,"config":{"architectures":["BertModel"],"model_type":"bert","tokenizer_config":{"cls_token":"[CLS]","mask_token":"[MASK]","pad_token":"[PAD]","sep_token":"[SEP]","unk_token":"[UNK]"}},"cardData":{"license":"apache-2.0","pipeline_tag":"sentence-similarity"},"transformersInfo":{"auto_model":"AutoModel","pipeline_tag":"feature-extraction","processor":"AutoTokenizer"},"siblings":[{"rfilename":".gitattributes"},{"rfilename":"README.md"},{"rfilename":"config.json"},{"rfilename":"model_optimized.onnx"},{"rfilename":"ort_config.json"},{"rfilename":"special_tokens_map.json"},{"rfilename":"tokenizer.json"},{"rfilename":"tokenizer_config.json"},{"rfilename":"vocab.txt"}],"spaces":[],"createdAt":"2024-01-15T06:19:25.000Z"}'
    headers:
      Access-Control-Allow-Origin:
      - https://huggingface.co
      Access-Control-Expose-Headers:
      - X-Repo-Commit,X-Request-Id,X-Error-Code,X-Error-Message,X-Total-Count,ETag,Link,Accept-Ranges,Content-Range
      Connection:
      - keep-alive
      Content-Length:
      - '1444'
      Content-Type:
      - application/json; charset=utf-8
      Date:
      - Tue, 19 Nov 2024 18:09:04 GMT
      ETag:
      - W/"5a4-bIIb6odbE0/AlB0z5u50f7bg2gI"
      Referrer-Policy:
      - strict-origin-when-cross-origin
      Vary:
      - Origin
      Via:
      - 1.1 d6cbeccd9a6d25b691d204399bf8b728.cloudfront.net (CloudFront)
      X-Amz-Cf-Id:
      - 3VABc0oF5uzaPCtiPklM5DP3O_1ZWNkzZsOQHpAbUWMFzU63jMDfwg==
      X-Amz-Cf-Pop:
      - SFO5-P2
      X-Cache:
      - Miss from cloudfront
      X-Powered-By:
      - huggingface-moon
      X-Request-Id:
      - Root=1-673cd440-42f056cf4d2fae801959d66c;397bd9ea-ccf2-4890-a7b8-24fa7a8dd7d0
      cross-origin-opener-policy:
      - same-origin
    status:
      code: 200
      message: OK
- request:
    body: null
    headers:
      Accept:
      - '*/*'
      Accept-Encoding:
      - gzip, deflate
      Connection:
      - keep-alive
      X-Amzn-Trace-Id:
      - e8298dd6-0f7e-4c74-993c-a460f9d551a6
      user-agent:
      - unknown/None; hf_hub/0.26.1; python/3.12.5
    method: GET
    uri: https://huggingface.co/api/models/qdrant/bge-small-en-v1.5-onnx-q/revision/main
  response:
    body:
      string: Temporary Redirect. Redirecting to /api/models/Qdrant/bge-small-en-v1.5-onnx-Q/revision/main
    headers:
      Access-Control-Allow-Origin:
      - https://huggingface.co
      Access-Control-Expose-Headers:
      - X-Repo-Commit,X-Request-Id,X-Error-Code,X-Error-Message,X-Total-Count,ETag,Link,Accept-Ranges,Content-Range
      Connection:
      - keep-alive
      Content-Length:
      - '92'
      Content-Type:
      - text/plain; charset=utf-8
      Date:
      - Tue, 19 Nov 2024 18:09:04 GMT
      Location:
      - /api/models/Qdrant/bge-small-en-v1.5-onnx-Q/revision/main
      Referrer-Policy:
      - strict-origin-when-cross-origin
      Vary:
      - Origin, Accept
      Via:
      - 1.1 b04d82bf2bc15ab146955a862be263f0.cloudfront.net (CloudFront)
      X-Amz-Cf-Id:
      - 9A3XE5Tge2cVk1Kklzk0zvp77NQE1YUBXFa4MxxEcX1UltI99_1bbQ==
      X-Amz-Cf-Pop:
      - SFO5-P2
      X-Cache:
      - Miss from cloudfront
      X-Powered-By:
      - huggingface-moon
      X-Request-Id:
      - Root=1-673cd440-173c5d476491c87522ffcfba;e8298dd6-0f7e-4c74-993c-a460f9d551a6
      cross-origin-opener-policy:
      - same-origin
    status:
      code: 307
      message: Temporary Redirect
- request:
    body: null
    headers:
      Accept:
      - '*/*'
      Accept-Encoding:
      - gzip, deflate
      Connection:
      - keep-alive
      X-Amzn-Trace-Id:
      - e8298dd6-0f7e-4c74-993c-a460f9d551a6
      user-agent:
      - unknown/None; hf_hub/0.26.1; python/3.12.5
    method: GET
    uri: https://huggingface.co/api/models/Qdrant/bge-small-en-v1.5-onnx-Q/revision/main
  response:
    body:
      string: '{"_id":"65a4ce6d9f0a34c17376fa20","id":"Qdrant/bge-small-en-v1.5-onnx-Q","modelId":"Qdrant/bge-small-en-v1.5-onnx-Q","author":"Qdrant","sha":"52398278842ec682c6f32300af41344b1c0b0bb2","lastModified":"2024-07-15T12:50:23.000Z","private":false,"disabled":false,"gated":false,"pipeline_tag":"sentence-similarity","tags":["transformers","onnx","bert","feature-extraction","sentence-similarity","license:apache-2.0","text-embeddings-inference","endpoints_compatible","region:us"],"downloads":140576,"library_name":"transformers","mask_token":"[MASK]","widgetData":[{"source_sentence":"That
        is a happy person","sentences":["That is a happy dog","That is a very happy
        person","Today is a sunny day"]}],"likes":0,"model-index":null,"config":{"architectures":["BertModel"],"model_type":"bert","tokenizer_config":{"cls_token":"[CLS]","mask_token":"[MASK]","pad_token":"[PAD]","sep_token":"[SEP]","unk_token":"[UNK]"}},"cardData":{"license":"apache-2.0","pipeline_tag":"sentence-similarity"},"transformersInfo":{"auto_model":"AutoModel","pipeline_tag":"feature-extraction","processor":"AutoTokenizer"},"siblings":[{"rfilename":".gitattributes"},{"rfilename":"README.md"},{"rfilename":"config.json"},{"rfilename":"model_optimized.onnx"},{"rfilename":"ort_config.json"},{"rfilename":"special_tokens_map.json"},{"rfilename":"tokenizer.json"},{"rfilename":"tokenizer_config.json"},{"rfilename":"vocab.txt"}],"spaces":[],"createdAt":"2024-01-15T06:19:25.000Z"}'
    headers:
      Access-Control-Allow-Origin:
      - https://huggingface.co
      Access-Control-Expose-Headers:
      - X-Repo-Commit,X-Request-Id,X-Error-Code,X-Error-Message,X-Total-Count,ETag,Link,Accept-Ranges,Content-Range
      Connection:
      - keep-alive
      Content-Length:
      - '1444'
      Content-Type:
      - application/json; charset=utf-8
      Date:
      - Tue, 19 Nov 2024 18:09:04 GMT
      ETag:
      - W/"5a4-bIIb6odbE0/AlB0z5u50f7bg2gI"
      Referrer-Policy:
      - strict-origin-when-cross-origin
      Vary:
      - Origin
      Via:
      - 1.1 f6fac6150e74e246a088cfa5c1ab6452.cloudfront.net (CloudFront)
      X-Amz-Cf-Id:
      - dbhJKuqS0XfxA908fGWFiMMPMHyq3xT4QRkupBCU7vyeYNStymLtmA==
      X-Amz-Cf-Pop:
      - SFO5-P2
      X-Cache:
      - Miss from cloudfront
      X-Powered-By:
      - huggingface-moon
      X-Request-Id:
      - Root=1-673cd440-2e927f5e33a9d2951ab3359c;e8298dd6-0f7e-4c74-993c-a460f9d551a6
      cross-origin-opener-policy:
      - same-origin
    status:
      code: 200
      message: OK
- request:
    body: null
    headers:
      Accept:
      - '*/*'
      Accept-Encoding:
      - gzip, deflate
      Connection:
      - keep-alive
      X-Amzn-Trace-Id:
      - 8f9b4f91-b958-470c-8a2c-f5fdb61366d6
      user-agent:
      - unknown/None; hf_hub/0.26.1; python/3.12.5
    method: GET
    uri: https://huggingface.co/api/models/qdrant/bge-small-en-v1.5-onnx-q/revision/main
  response:
    body:
      string: Temporary Redirect. Redirecting to /api/models/Qdrant/bge-small-en-v1.5-onnx-Q/revision/main
    headers:
      Access-Control-Allow-Origin:
      - https://huggingface.co
      Access-Control-Expose-Headers:
      - X-Repo-Commit,X-Request-Id,X-Error-Code,X-Error-Message,X-Total-Count,ETag,Link,Accept-Ranges,Content-Range
      Connection:
      - keep-alive
      Content-Length:
      - '92'
      Content-Type:
      - text/plain; charset=utf-8
      Date:
      - Tue, 19 Nov 2024 18:09:04 GMT
      Location:
      - /api/models/Qdrant/bge-small-en-v1.5-onnx-Q/revision/main
      Referrer-Policy:
      - strict-origin-when-cross-origin
      Vary:
      - Origin, Accept
      Via:
      - 1.1 7256fedee68a59a508800e0dda035348.cloudfront.net (CloudFront)
      X-Amz-Cf-Id:
      - i1DM953vyM7QgTuUrbY07wZzHiZW4otFkV8Ys2bn5hNzm6pCFnHKFQ==
      X-Amz-Cf-Pop:
      - SFO5-P2
      X-Cache:
      - Miss from cloudfront
      X-Powered-By:
      - huggingface-moon
      X-Request-Id:
      - Root=1-673cd440-16303a1312f436496709f246;8f9b4f91-b958-470c-8a2c-f5fdb61366d6
      cross-origin-opener-policy:
      - same-origin
    status:
      code: 307
      message: Temporary Redirect
- request:
    body: null
    headers:
      Accept:
      - '*/*'
      Accept-Encoding:
      - gzip, deflate
      Connection:
      - keep-alive
      X-Amzn-Trace-Id:
      - 8f9b4f91-b958-470c-8a2c-f5fdb61366d6
      user-agent:
      - unknown/None; hf_hub/0.26.1; python/3.12.5
    method: GET
    uri: https://huggingface.co/api/models/Qdrant/bge-small-en-v1.5-onnx-Q/revision/main
  response:
    body:
      string: '{"_id":"65a4ce6d9f0a34c17376fa20","id":"Qdrant/bge-small-en-v1.5-onnx-Q","modelId":"Qdrant/bge-small-en-v1.5-onnx-Q","author":"Qdrant","sha":"52398278842ec682c6f32300af41344b1c0b0bb2","lastModified":"2024-07-15T12:50:23.000Z","private":false,"disabled":false,"gated":false,"pipeline_tag":"sentence-similarity","tags":["transformers","onnx","bert","feature-extraction","sentence-similarity","license:apache-2.0","text-embeddings-inference","endpoints_compatible","region:us"],"downloads":140576,"library_name":"transformers","mask_token":"[MASK]","widgetData":[{"source_sentence":"That
        is a happy person","sentences":["That is a happy dog","That is a very happy
        person","Today is a sunny day"]}],"likes":0,"model-index":null,"config":{"architectures":["BertModel"],"model_type":"bert","tokenizer_config":{"cls_token":"[CLS]","mask_token":"[MASK]","pad_token":"[PAD]","sep_token":"[SEP]","unk_token":"[UNK]"}},"cardData":{"license":"apache-2.0","pipeline_tag":"sentence-similarity"},"transformersInfo":{"auto_model":"AutoModel","pipeline_tag":"feature-extraction","processor":"AutoTokenizer"},"siblings":[{"rfilename":".gitattributes"},{"rfilename":"README.md"},{"rfilename":"config.json"},{"rfilename":"model_optimized.onnx"},{"rfilename":"ort_config.json"},{"rfilename":"special_tokens_map.json"},{"rfilename":"tokenizer.json"},{"rfilename":"tokenizer_config.json"},{"rfilename":"vocab.txt"}],"spaces":[],"createdAt":"2024-01-15T06:19:25.000Z"}'
    headers:
      Access-Control-Allow-Origin:
      - https://huggingface.co
      Access-Control-Expose-Headers:
      - X-Repo-Commit,X-Request-Id,X-Error-Code,X-Error-Message,X-Total-Count,ETag,Link,Accept-Ranges,Content-Range
      Connection:
      - keep-alive
      Content-Length:
      - '1444'
      Content-Type:
      - application/json; charset=utf-8
      Date:
      - Tue, 19 Nov 2024 18:09:04 GMT
      ETag:
      - W/"5a4-bIIb6odbE0/AlB0z5u50f7bg2gI"
      Referrer-Policy:
      - strict-origin-when-cross-origin
      Vary:
      - Origin
      Via:
      - 1.1 74aa91fe819001bcedd882694f52b436.cloudfront.net (CloudFront)
      X-Amz-Cf-Id:
      - lszVjPtWhF8aTpUo5SJ4cgnL82CJKyHgvtqCflpX2z-DDY0S3cc69A==
      X-Amz-Cf-Pop:
      - SFO5-P2
      X-Cache:
      - Miss from cloudfront
      X-Powered-By:
      - huggingface-moon
      X-Request-Id:
      - Root=1-673cd440-637e7acb33d513b123fb41c7;8f9b4f91-b958-470c-8a2c-f5fdb61366d6
      cross-origin-opener-policy:
      - same-origin
    status:
      code: 200
      message: OK
- request:
    body: null
    headers:
      Accept:
      - '*/*'
      Accept-Encoding:
      - gzip, deflate
      Connection:
      - keep-alive
      X-Amzn-Trace-Id:
      - 66dabb28-6255-49d2-b2da-e4adaafef192
      user-agent:
      - unknown/None; hf_hub/0.26.1; python/3.12.5
    method: GET
    uri: https://huggingface.co/api/models/qdrant/bge-small-en-v1.5-onnx-q/revision/main
  response:
    body:
      string: Temporary Redirect. Redirecting to /api/models/Qdrant/bge-small-en-v1.5-onnx-Q/revision/main
    headers:
      Access-Control-Allow-Origin:
      - https://huggingface.co
      Access-Control-Expose-Headers:
      - X-Repo-Commit,X-Request-Id,X-Error-Code,X-Error-Message,X-Total-Count,ETag,Link,Accept-Ranges,Content-Range
      Connection:
      - keep-alive
      Content-Length:
      - '92'
      Content-Type:
      - text/plain; charset=utf-8
      Date:
      - Tue, 19 Nov 2024 18:09:05 GMT
      Location:
      - /api/models/Qdrant/bge-small-en-v1.5-onnx-Q/revision/main
      Referrer-Policy:
      - strict-origin-when-cross-origin
      Vary:
      - Origin, Accept
      Via:
      - 1.1 4a628119373a320de50f1e6bc0e5f87a.cloudfront.net (CloudFront)
      X-Amz-Cf-Id:
      - bMJ5AUhTmoTiHfqhrUcmeeUrBn2asEXsNqPH2LTDQKxPnjK4Ik4M_g==
      X-Amz-Cf-Pop:
      - SFO5-P2
      X-Cache:
      - Miss from cloudfront
      X-Powered-By:
      - huggingface-moon
      X-Request-Id:
      - Root=1-673cd441-7ec3f15c58245a18113e5cc5;66dabb28-6255-49d2-b2da-e4adaafef192
      cross-origin-opener-policy:
      - same-origin
    status:
      code: 307
      message: Temporary Redirect
- request:
    body: null
    headers:
      Accept:
      - '*/*'
      Accept-Encoding:
      - gzip, deflate
      Connection:
      - keep-alive
      X-Amzn-Trace-Id:
      - 66dabb28-6255-49d2-b2da-e4adaafef192
      user-agent:
      - unknown/None; hf_hub/0.26.1; python/3.12.5
    method: GET
    uri: https://huggingface.co/api/models/Qdrant/bge-small-en-v1.5-onnx-Q/revision/main
  response:
    body:
      string: '{"_id":"65a4ce6d9f0a34c17376fa20","id":"Qdrant/bge-small-en-v1.5-onnx-Q","modelId":"Qdrant/bge-small-en-v1.5-onnx-Q","author":"Qdrant","sha":"52398278842ec682c6f32300af41344b1c0b0bb2","lastModified":"2024-07-15T12:50:23.000Z","private":false,"disabled":false,"gated":false,"pipeline_tag":"sentence-similarity","tags":["transformers","onnx","bert","feature-extraction","sentence-similarity","license:apache-2.0","text-embeddings-inference","endpoints_compatible","region:us"],"downloads":140576,"library_name":"transformers","mask_token":"[MASK]","widgetData":[{"source_sentence":"That
        is a happy person","sentences":["That is a happy dog","That is a very happy
        person","Today is a sunny day"]}],"likes":0,"model-index":null,"config":{"architectures":["BertModel"],"model_type":"bert","tokenizer_config":{"cls_token":"[CLS]","mask_token":"[MASK]","pad_token":"[PAD]","sep_token":"[SEP]","unk_token":"[UNK]"}},"cardData":{"license":"apache-2.0","pipeline_tag":"sentence-similarity"},"transformersInfo":{"auto_model":"AutoModel","pipeline_tag":"feature-extraction","processor":"AutoTokenizer"},"siblings":[{"rfilename":".gitattributes"},{"rfilename":"README.md"},{"rfilename":"config.json"},{"rfilename":"model_optimized.onnx"},{"rfilename":"ort_config.json"},{"rfilename":"special_tokens_map.json"},{"rfilename":"tokenizer.json"},{"rfilename":"tokenizer_config.json"},{"rfilename":"vocab.txt"}],"spaces":[],"createdAt":"2024-01-15T06:19:25.000Z"}'
    headers:
      Access-Control-Allow-Origin:
      - https://huggingface.co
      Access-Control-Expose-Headers:
      - X-Repo-Commit,X-Request-Id,X-Error-Code,X-Error-Message,X-Total-Count,ETag,Link,Accept-Ranges,Content-Range
      Connection:
      - keep-alive
      Content-Length:
      - '1444'
      Content-Type:
      - application/json; charset=utf-8
      Date:
      - Tue, 19 Nov 2024 18:09:05 GMT
      ETag:
      - W/"5a4-bIIb6odbE0/AlB0z5u50f7bg2gI"
      Referrer-Policy:
      - strict-origin-when-cross-origin
      Vary:
      - Origin
      Via:
      - 1.1 3dde68f1f52282c9e1ee336d97233b0a.cloudfront.net (CloudFront)
      X-Amz-Cf-Id:
      - YWR4OH2xN39oMqD8YsTN3VJe2NlvYvHlouVy2pk3BPumI6NA6RxI_w==
      X-Amz-Cf-Pop:
      - SFO5-P2
      X-Cache:
      - Miss from cloudfront
      X-Powered-By:
      - huggingface-moon
      X-Request-Id:
      - Root=1-673cd441-52b57e6f146308c36fc8742d;66dabb28-6255-49d2-b2da-e4adaafef192
      cross-origin-opener-policy:
      - same-origin
    status:
      code: 200
      message: OK
- request:
    body: null
    headers:
      Accept:
      - '*/*'
      Accept-Encoding:
      - gzip, deflate
      Connection:
      - keep-alive
      X-Amzn-Trace-Id:
      - a0542f22-cab9-4d52-94ee-f46dac69a52a
      user-agent:
      - unknown/None; hf_hub/0.26.1; python/3.12.5
    method: GET
    uri: https://huggingface.co/api/models/qdrant/bge-small-en-v1.5-onnx-q/revision/main
  response:
    body:
      string: Temporary Redirect. Redirecting to /api/models/Qdrant/bge-small-en-v1.5-onnx-Q/revision/main
    headers:
      Access-Control-Allow-Origin:
      - https://huggingface.co
      Access-Control-Expose-Headers:
      - X-Repo-Commit,X-Request-Id,X-Error-Code,X-Error-Message,X-Total-Count,ETag,Link,Accept-Ranges,Content-Range
      Connection:
      - keep-alive
      Content-Length:
      - '92'
      Content-Type:
      - text/plain; charset=utf-8
      Date:
      - Tue, 19 Nov 2024 18:09:05 GMT
      Location:
      - /api/models/Qdrant/bge-small-en-v1.5-onnx-Q/revision/main
      Referrer-Policy:
      - strict-origin-when-cross-origin
      Vary:
      - Origin, Accept
      Via:
      - 1.1 ce74b5c96395745bcb8206d6c9ee0962.cloudfront.net (CloudFront)
      X-Amz-Cf-Id:
      - 5v1S-Uz5tmF5xJ2yWpSsypY7Ez-V26V499mYxTPy-dxBsjc6X-J96w==
      X-Amz-Cf-Pop:
      - SFO5-P2
      X-Cache:
      - Miss from cloudfront
      X-Powered-By:
      - huggingface-moon
      X-Request-Id:
      - Root=1-673cd441-5aeccc090443bd6a09f8b057;a0542f22-cab9-4d52-94ee-f46dac69a52a
      cross-origin-opener-policy:
      - same-origin
    status:
      code: 307
      message: Temporary Redirect
- request:
    body: null
    headers:
      Accept:
      - '*/*'
      Accept-Encoding:
      - gzip, deflate
      Connection:
      - keep-alive
      X-Amzn-Trace-Id:
      - a0542f22-cab9-4d52-94ee-f46dac69a52a
      user-agent:
      - unknown/None; hf_hub/0.26.1; python/3.12.5
    method: GET
    uri: https://huggingface.co/api/models/Qdrant/bge-small-en-v1.5-onnx-Q/revision/main
  response:
    body:
      string: '{"_id":"65a4ce6d9f0a34c17376fa20","id":"Qdrant/bge-small-en-v1.5-onnx-Q","modelId":"Qdrant/bge-small-en-v1.5-onnx-Q","author":"Qdrant","sha":"52398278842ec682c6f32300af41344b1c0b0bb2","lastModified":"2024-07-15T12:50:23.000Z","private":false,"disabled":false,"gated":false,"pipeline_tag":"sentence-similarity","tags":["transformers","onnx","bert","feature-extraction","sentence-similarity","license:apache-2.0","text-embeddings-inference","endpoints_compatible","region:us"],"downloads":140576,"library_name":"transformers","mask_token":"[MASK]","widgetData":[{"source_sentence":"That
        is a happy person","sentences":["That is a happy dog","That is a very happy
        person","Today is a sunny day"]}],"likes":0,"model-index":null,"config":{"architectures":["BertModel"],"model_type":"bert","tokenizer_config":{"cls_token":"[CLS]","mask_token":"[MASK]","pad_token":"[PAD]","sep_token":"[SEP]","unk_token":"[UNK]"}},"cardData":{"license":"apache-2.0","pipeline_tag":"sentence-similarity"},"transformersInfo":{"auto_model":"AutoModel","pipeline_tag":"feature-extraction","processor":"AutoTokenizer"},"siblings":[{"rfilename":".gitattributes"},{"rfilename":"README.md"},{"rfilename":"config.json"},{"rfilename":"model_optimized.onnx"},{"rfilename":"ort_config.json"},{"rfilename":"special_tokens_map.json"},{"rfilename":"tokenizer.json"},{"rfilename":"tokenizer_config.json"},{"rfilename":"vocab.txt"}],"spaces":[],"createdAt":"2024-01-15T06:19:25.000Z"}'
    headers:
      Access-Control-Allow-Origin:
      - https://huggingface.co
      Access-Control-Expose-Headers:
      - X-Repo-Commit,X-Request-Id,X-Error-Code,X-Error-Message,X-Total-Count,ETag,Link,Accept-Ranges,Content-Range
      Connection:
      - keep-alive
      Content-Length:
      - '1444'
      Content-Type:
      - application/json; charset=utf-8
      Date:
      - Tue, 19 Nov 2024 18:09:05 GMT
      ETag:
      - W/"5a4-bIIb6odbE0/AlB0z5u50f7bg2gI"
      Referrer-Policy:
      - strict-origin-when-cross-origin
      Vary:
      - Origin
      Via:
      - 1.1 40b967aa4aa18637c4b91214147f3cb4.cloudfront.net (CloudFront)
      X-Amz-Cf-Id:
      - LNEU_lAG6NPlFi_LP3wPRRsSZOiAhifF7hk1v1KiT1mI4OtJ-XGs2w==
      X-Amz-Cf-Pop:
      - SFO5-P2
      X-Cache:
      - Miss from cloudfront
      X-Powered-By:
      - huggingface-moon
      X-Request-Id:
      - Root=1-673cd441-2c9fabec78adec941cd238ca;a0542f22-cab9-4d52-94ee-f46dac69a52a
      cross-origin-opener-policy:
      - same-origin
    status:
      code: 200
      message: OK
- request:
    body: null
    headers:
      Accept:
      - '*/*'
      Accept-Encoding:
      - gzip, deflate
      Connection:
      - keep-alive
      X-Amzn-Trace-Id:
      - b44c98e7-7e44-4310-9590-87cfa91b8063
      user-agent:
      - unknown/None; hf_hub/0.26.1; python/3.12.5
    method: GET
    uri: https://huggingface.co/api/models/qdrant/bge-small-en-v1.5-onnx-q/revision/main
  response:
    body:
      string: Temporary Redirect. Redirecting to /api/models/Qdrant/bge-small-en-v1.5-onnx-Q/revision/main
    headers:
      Access-Control-Allow-Origin:
      - https://huggingface.co
      Access-Control-Expose-Headers:
      - X-Repo-Commit,X-Request-Id,X-Error-Code,X-Error-Message,X-Total-Count,ETag,Link,Accept-Ranges,Content-Range
      Connection:
      - keep-alive
      Content-Length:
      - '92'
      Content-Type:
      - text/plain; charset=utf-8
      Date:
      - Tue, 19 Nov 2024 18:09:05 GMT
      Location:
      - /api/models/Qdrant/bge-small-en-v1.5-onnx-Q/revision/main
      Referrer-Policy:
      - strict-origin-when-cross-origin
      Vary:
      - Origin, Accept
      Via:
      - 1.1 fc9b6e8f934a073c1a1983c7599b93ba.cloudfront.net (CloudFront)
      X-Amz-Cf-Id:
      - iHn0G7s-5j_VNB_uCMh6bDw3jW9FaTUe6kVh1ITf9D6C2DXCS6en3g==
      X-Amz-Cf-Pop:
      - SFO5-P2
      X-Cache:
      - Miss from cloudfront
      X-Powered-By:
      - huggingface-moon
      X-Request-Id:
      - Root=1-673cd441-60b59c8d6a15ceea42efe911;b44c98e7-7e44-4310-9590-87cfa91b8063
      cross-origin-opener-policy:
      - same-origin
    status:
      code: 307
      message: Temporary Redirect
- request:
    body: null
    headers:
      Accept:
      - '*/*'
      Accept-Encoding:
      - gzip, deflate
      Connection:
      - keep-alive
      X-Amzn-Trace-Id:
      - b44c98e7-7e44-4310-9590-87cfa91b8063
      user-agent:
      - unknown/None; hf_hub/0.26.1; python/3.12.5
    method: GET
    uri: https://huggingface.co/api/models/Qdrant/bge-small-en-v1.5-onnx-Q/revision/main
  response:
    body:
      string: '{"_id":"65a4ce6d9f0a34c17376fa20","id":"Qdrant/bge-small-en-v1.5-onnx-Q","modelId":"Qdrant/bge-small-en-v1.5-onnx-Q","author":"Qdrant","sha":"52398278842ec682c6f32300af41344b1c0b0bb2","lastModified":"2024-07-15T12:50:23.000Z","private":false,"disabled":false,"gated":false,"pipeline_tag":"sentence-similarity","tags":["transformers","onnx","bert","feature-extraction","sentence-similarity","license:apache-2.0","text-embeddings-inference","endpoints_compatible","region:us"],"downloads":140576,"library_name":"transformers","mask_token":"[MASK]","widgetData":[{"source_sentence":"That
        is a happy person","sentences":["That is a happy dog","That is a very happy
        person","Today is a sunny day"]}],"likes":0,"model-index":null,"config":{"architectures":["BertModel"],"model_type":"bert","tokenizer_config":{"cls_token":"[CLS]","mask_token":"[MASK]","pad_token":"[PAD]","sep_token":"[SEP]","unk_token":"[UNK]"}},"cardData":{"license":"apache-2.0","pipeline_tag":"sentence-similarity"},"transformersInfo":{"auto_model":"AutoModel","pipeline_tag":"feature-extraction","processor":"AutoTokenizer"},"siblings":[{"rfilename":".gitattributes"},{"rfilename":"README.md"},{"rfilename":"config.json"},{"rfilename":"model_optimized.onnx"},{"rfilename":"ort_config.json"},{"rfilename":"special_tokens_map.json"},{"rfilename":"tokenizer.json"},{"rfilename":"tokenizer_config.json"},{"rfilename":"vocab.txt"}],"spaces":[],"createdAt":"2024-01-15T06:19:25.000Z"}'
    headers:
      Access-Control-Allow-Origin:
      - https://huggingface.co
      Access-Control-Expose-Headers:
      - X-Repo-Commit,X-Request-Id,X-Error-Code,X-Error-Message,X-Total-Count,ETag,Link,Accept-Ranges,Content-Range
      Connection:
      - keep-alive
      Content-Length:
      - '1444'
      Content-Type:
      - application/json; charset=utf-8
      Date:
      - Tue, 19 Nov 2024 18:09:06 GMT
      ETag:
      - W/"5a4-bIIb6odbE0/AlB0z5u50f7bg2gI"
      Referrer-Policy:
      - strict-origin-when-cross-origin
      Vary:
      - Origin
      Via:
      - 1.1 e943d5f0cbb0d255d29da0ddf6639ba8.cloudfront.net (CloudFront)
      X-Amz-Cf-Id:
      - CdmTxLQvOwUbnMFz0SJMtSiPxs62oAwyNsFQOjazwAnzqpEIBdKs8Q==
      X-Amz-Cf-Pop:
      - SFO5-P2
      X-Cache:
      - Miss from cloudfront
      X-Powered-By:
      - huggingface-moon
      X-Request-Id:
      - Root=1-673cd442-4cf2fd347009e12a372b3288;b44c98e7-7e44-4310-9590-87cfa91b8063
      cross-origin-opener-policy:
      - same-origin
    status:
      code: 200
      message: OK
version: 1
